e:\projects\ying-long-engine\yaml-cpp\intermediate\release - windows\x86_64\memory.obj
e:\projects\ying-long-engine\yaml-cpp\intermediate\release - windows\x86_64\scanner.obj
e:\projects\ying-long-engine\yaml-cpp\intermediate\release - windows\x86_64\graphbuilderadapter.obj
e:\projects\ying-long-engine\yaml-cpp\intermediate\release - windows\x86_64\null.obj
e:\projects\ying-long-engine\yaml-cpp\intermediate\release - windows\x86_64\stream.obj
e:\projects\ying-long-engine\yaml-cpp\intermediate\release - windows\x86_64\graphbuilder.obj
e:\projects\ying-long-engine\yaml-cpp\intermediate\release - windows\x86_64\scanscalar.obj
e:\projects\ying-long-engine\yaml-cpp\intermediate\release - windows\x86_64\exceptions.obj
e:\projects\ying-long-engine\yaml-cpp\intermediate\release - windows\x86_64\regex_yaml.obj
e:\projects\ying-long-engine\yaml-cpp\intermediate\release - windows\x86_64\exp.obj
e:\projects\ying-long-engine\yaml-cpp\intermediate\release - windows\x86_64\scantoken.obj
e:\projects\ying-long-engine\yaml-cpp\intermediate\release - windows\x86_64\emit.obj
e:\projects\ying-long-engine\yaml-cpp\intermediate\release - windows\x86_64\scantag.obj
e:\projects\ying-long-engine\yaml-cpp\intermediate\release - windows\x86_64\convert.obj
e:\projects\ying-long-engine\yaml-cpp\intermediate\release - windows\x86_64\directives.obj
e:\projects\ying-long-engine\yaml-cpp\intermediate\release - windows\x86_64\ostream_wrapper.obj
e:\projects\ying-long-engine\yaml-cpp\intermediate\release - windows\x86_64\emitterstate.obj
e:\projects\ying-long-engine\yaml-cpp\intermediate\release - windows\x86_64\tag.obj
e:\projects\ying-long-engine\yaml-cpp\intermediate\release - windows\x86_64\binary.obj
e:\projects\ying-long-engine\yaml-cpp\intermediate\release - windows\x86_64\nodebuilder.obj
e:\projects\ying-long-engine\yaml-cpp\intermediate\release - windows\x86_64\node_data.obj
e:\projects\ying-long-engine\yaml-cpp\intermediate\release - windows\x86_64\node.obj
e:\projects\ying-long-engine\yaml-cpp\intermediate\release - windows\x86_64\nodeevents.obj
e:\projects\ying-long-engine\yaml-cpp\intermediate\release - windows\x86_64\emitter.obj
e:\projects\ying-long-engine\yaml-cpp\intermediate\release - windows\x86_64\simplekey.obj
e:\projects\ying-long-engine\yaml-cpp\intermediate\release - windows\x86_64\emitfromevents.obj
e:\projects\ying-long-engine\yaml-cpp\intermediate\release - windows\x86_64\parser.obj
e:\projects\ying-long-engine\yaml-cpp\intermediate\release - windows\x86_64\emitterutils.obj
e:\projects\ying-long-engine\yaml-cpp\intermediate\release - windows\x86_64\singledocparser.obj
e:\projects\ying-long-engine\yaml-cpp\intermediate\release - windows\x86_64\depthguard.obj
e:\projects\ying-long-engine\yaml-cpp\intermediate\release - windows\x86_64\parse.obj
e:\projects\ying-long-engine\build\release - windows\x86_64\yaml-cpp.pdb
e:\projects\ying-long-engine\build\release - windows\x86_64\yaml-cpp.lib
e:\projects\ying-long-engine\yaml-cpp\intermediate\release - windows\x86_64\yaml-cpp.tlog\cl.1020.write.1.tlog
e:\projects\ying-long-engine\yaml-cpp\intermediate\release - windows\x86_64\yaml-cpp.tlog\cl.command.1.tlog
e:\projects\ying-long-engine\yaml-cpp\intermediate\release - windows\x86_64\yaml-cpp.tlog\cl.items.tlog
e:\projects\ying-long-engine\yaml-cpp\intermediate\release - windows\x86_64\yaml-cpp.tlog\cl.read.1.tlog
e:\projects\ying-long-engine\yaml-cpp\intermediate\release - windows\x86_64\yaml-cpp.tlog\lib-link.write.1.tlog
e:\projects\ying-long-engine\yaml-cpp\intermediate\release - windows\x86_64\yaml-cpp.tlog\lib.command.1.tlog
e:\projects\ying-long-engine\yaml-cpp\intermediate\release - windows\x86_64\yaml-cpp.tlog\lib.read.1.tlog
