e:\projects\ying-long-engine\ying-long engine\intermediate\debug - windows\x86_64\indexbuffer.obj
e:\projects\ying-long-engine\ying-long engine\intermediate\debug - windows\x86_64\vertexshader.obj
e:\projects\ying-long-engine\ying-long engine\intermediate\debug - windows\x86_64\dx12drawable.obj
e:\projects\ying-long-engine\ying-long engine\intermediate\debug - windows\x86_64\mesh.obj
e:\projects\ying-long-engine\ying-long engine\intermediate\debug - windows\x86_64\system.obj
e:\projects\ying-long-engine\ying-long engine\intermediate\debug - windows\x86_64\dx12primitives.obj
e:\projects\ying-long-engine\ying-long engine\intermediate\debug - windows\x86_64\solidboxdrawable.obj
e:\projects\ying-long-engine\ying-long engine\intermediate\debug - windows\x86_64\meshrenderersystem.obj
e:\projects\ying-long-engine\ying-long engine\intermediate\debug - windows\x86_64\rendertargetdx12.obj
e:\projects\ying-long-engine\ying-long engine\intermediate\debug - windows\x86_64\spotlight.obj
e:\projects\ying-long-engine\ying-long engine\intermediate\debug - windows\x86_64\keyboard.obj
e:\projects\ying-long-engine\ying-long engine\intermediate\debug - windows\x86_64\pixelshader.obj
e:\projects\ying-long-engine\ying-long engine\intermediate\debug - windows\x86_64\topology.obj
e:\projects\ying-long-engine\ying-long engine\intermediate\debug - windows\x86_64\dx12descriptorheap.obj
e:\projects\ying-long-engine\ying-long engine\intermediate\debug - windows\x86_64\dx12renderer.obj
e:\projects\ying-long-engine\ying-long engine\intermediate\debug - windows\x86_64\modelimporter.obj
e:\projects\ying-long-engine\ying-long engine\intermediate\debug - windows\x86_64\bindable.obj
e:\projects\ying-long-engine\ying-long engine\intermediate\debug - windows\x86_64\camera.obj
e:\projects\ying-long-engine\ying-long engine\intermediate\debug - windows\x86_64\capsule.obj
e:\projects\ying-long-engine\ying-long engine\intermediate\debug - windows\x86_64\surface.obj
e:\projects\ying-long-engine\ying-long engine\intermediate\debug - windows\x86_64\application.obj
e:\projects\ying-long-engine\ying-long engine\intermediate\debug - windows\x86_64\drawable.obj
e:\projects\ying-long-engine\ying-long engine\intermediate\debug - windows\x86_64\physicscapsule.obj
e:\projects\ying-long-engine\ying-long engine\intermediate\debug - windows\x86_64\aabb.obj
e:\projects\ying-long-engine\ying-long engine\intermediate\debug - windows\x86_64\rasterizer.obj
e:\projects\ying-long-engine\ying-long engine\intermediate\debug - windows\x86_64\dx12demoscene.obj
e:\projects\ying-long-engine\ying-long engine\intermediate\debug - windows\x86_64\physicsscene.obj
e:\projects\ying-long-engine\ying-long engine\intermediate\debug - windows\x86_64\entrypoint.obj
e:\projects\ying-long-engine\ying-long engine\intermediate\debug - windows\x86_64\dx12rootsignature.obj
e:\projects\ying-long-engine\ying-long engine\intermediate\debug - windows\x86_64\lightmanager.obj
e:\projects\ying-long-engine\ying-long engine\intermediate\debug - windows\x86_64\scene.obj
e:\projects\ying-long-engine\ying-long engine\intermediate\debug - windows\x86_64\box.obj
e:\projects\ying-long-engine\ying-long engine\intermediate\debug - windows\x86_64\physics.obj
e:\projects\ying-long-engine\ying-long engine\intermediate\debug - windows\x86_64\saver.obj
e:\projects\ying-long-engine\ying-long engine\intermediate\debug - windows\x86_64\solidcolorconstantbuffer.obj
e:\projects\ying-long-engine\ying-long engine\intermediate\debug - windows\x86_64\dx12pipelinestate.obj
e:\projects\ying-long-engine\ying-long engine\intermediate\debug - windows\x86_64\graphics.obj
e:\projects\ying-long-engine\ying-long engine\intermediate\debug - windows\x86_64\entity.obj
e:\projects\ying-long-engine\ying-long engine\intermediate\debug - windows\x86_64\gbuffer.obj
e:\projects\ying-long-engine\ying-long engine\intermediate\debug - windows\x86_64\pointlight.obj
e:\projects\ying-long-engine\ying-long engine\intermediate\debug - windows\x86_64\window.obj
e:\projects\ying-long-engine\ying-long engine\intermediate\debug - windows\x86_64\depthstencil.obj
e:\projects\ying-long-engine\ying-long engine\intermediate\debug - windows\x86_64\rendertarget.obj
e:\projects\ying-long-engine\ying-long engine\intermediate\debug - windows\x86_64\aabbmanager.obj
e:\projects\ying-long-engine\ying-long engine\intermediate\debug - windows\x86_64\sampler.obj
e:\projects\ying-long-engine\ying-long engine\intermediate\debug - windows\x86_64\transformconstantbuffer.obj
e:\projects\ying-long-engine\ying-long engine\intermediate\debug - windows\x86_64\dx12uploadbuffer.obj
e:\projects\ying-long-engine\ying-long engine\intermediate\debug - windows\x86_64\model.obj
e:\projects\ying-long-engine\ying-long engine\intermediate\debug - windows\x86_64\mouse.obj
e:\projects\ying-long-engine\ying-long engine\intermediate\debug - windows\x86_64\inputlayout.obj
e:\projects\ying-long-engine\ying-long engine\intermediate\debug - windows\x86_64\texture.obj
e:\projects\ying-long-engine\ying-long engine\intermediate\debug - windows\x86_64\dx12fence.obj
e:\projects\ying-long-engine\ying-long engine\intermediate\debug - windows\x86_64\solidsphere.obj
e:\projects\ying-long-engine\ying-long engine\intermediate\debug - windows\x86_64\physicssystem.obj
e:\projects\ying-long-engine\ying-long engine\intermediate\debug - windows\x86_64\imguidx12.obj
e:\projects\ying-long-engine\ying-long engine\intermediate\debug - windows\x86_64\ray.obj
e:\projects\ying-long-engine\ying-long engine\intermediate\debug - windows\x86_64\exception.obj
e:\projects\ying-long-engine\ying-long engine\intermediate\debug - windows\x86_64\dx12core.obj
e:\projects\ying-long-engine\ying-long engine\intermediate\debug - windows\x86_64\depthstencildx12.obj
e:\projects\ying-long-engine\ying-long engine\intermediate\debug - windows\x86_64\solidcone.obj
e:\projects\ying-long-engine\ying-long engine\intermediate\debug - windows\x86_64\vc143.pdb
e:\projects\ying-long-engine\ying-long engine\intermediate\debug - windows\x86_64\vc143.idb
e:\projects\ying-long-engine\build\debug - windows\x86_64\ying-long engine.exe
e:\projects\ying-long-engine\build\debug - windows\x86_64\ying-long engine.pdb
e:\projects\ying-long-engine\ying-long engine\intermediate\debug - windows\x86_64\ying-long engine.res
e:\projects\ying-long-engine\ying-long engine\intermediate\debug - windows\x86_64\ying-long engine.ilk
e:\projects\ying-long-engine\ying-long engine\intermediate\debug - windows\x86_64\ying-long engine.tlog\cl.command.1.tlog
e:\projects\ying-long-engine\ying-long engine\intermediate\debug - windows\x86_64\ying-long engine.tlog\cl.items.tlog
e:\projects\ying-long-engine\ying-long engine\intermediate\debug - windows\x86_64\ying-long engine.tlog\cl.read.1.tlog
e:\projects\ying-long-engine\ying-long engine\intermediate\debug - windows\x86_64\ying-long engine.tlog\cl.write.1.tlog
e:\projects\ying-long-engine\ying-long engine\intermediate\debug - windows\x86_64\ying-long engine.tlog\link.command.1.tlog
e:\projects\ying-long-engine\ying-long engine\intermediate\debug - windows\x86_64\ying-long engine.tlog\link.read.1.tlog
e:\projects\ying-long-engine\ying-long engine\intermediate\debug - windows\x86_64\ying-long engine.tlog\link.secondary.1.tlog
e:\projects\ying-long-engine\ying-long engine\intermediate\debug - windows\x86_64\ying-long engine.tlog\link.write.1.tlog
e:\projects\ying-long-engine\ying-long engine\intermediate\debug - windows\x86_64\ying-long engine.tlog\rc.command.1.tlog
e:\projects\ying-long-engine\ying-long engine\intermediate\debug - windows\x86_64\ying-long engine.tlog\rc.read.1.tlog
e:\projects\ying-long-engine\ying-long engine\intermediate\debug - windows\x86_64\ying-long engine.tlog\rc.write.1.tlog
