e:\projects\dracovis-engine\dracovis-engine\imgui\intermediate\release - windows\x86_64\imgui_tables.obj
e:\projects\dracovis-engine\dracovis-engine\imgui\intermediate\release - windows\x86_64\imgui_impl_dx11.obj
e:\projects\dracovis-engine\dracovis-engine\imgui\intermediate\release - windows\x86_64\imgui.obj
e:\projects\dracovis-engine\dracovis-engine\imgui\intermediate\release - windows\x86_64\imgui_demo.obj
e:\projects\dracovis-engine\dracovis-engine\imgui\intermediate\release - windows\x86_64\imgui_draw.obj
e:\projects\dracovis-engine\dracovis-engine\imgui\intermediate\release - windows\x86_64\imgui_widgets.obj
e:\projects\dracovis-engine\dracovis-engine\imgui\intermediate\release - windows\x86_64\imgui_impl_win32.obj
e:\projects\dracovis-engine\dracovis-engine\imgui\intermediate\release - windows\x86_64\imgui_impl_dx12.obj
e:\projects\dracovis-engine\dracovis-engine\build\release - windows\x86_64\imgui.pdb
e:\projects\dracovis-engine\dracovis-engine\build\release - windows\x86_64\imgui.lib
e:\projects\ying-long-engine\imgui\intermediate\release - windows\x86_64\imgui.obj
e:\projects\ying-long-engine\imgui\intermediate\release - windows\x86_64\imgui_demo.obj
e:\projects\ying-long-engine\imgui\intermediate\release - windows\x86_64\imgui_draw.obj
e:\projects\ying-long-engine\imgui\intermediate\release - windows\x86_64\imgui_impl_dx11.obj
e:\projects\ying-long-engine\imgui\intermediate\release - windows\x86_64\imgui_impl_dx12.obj
e:\projects\ying-long-engine\imgui\intermediate\release - windows\x86_64\imgui_impl_win32.obj
e:\projects\ying-long-engine\imgui\intermediate\release - windows\x86_64\imgui_tables.obj
e:\projects\ying-long-engine\imgui\intermediate\release - windows\x86_64\imgui_widgets.obj
e:\projects\ying-long-engine\build\release - windows\x86_64\imgui.lib
e:\projects\ying-long-engine\imgui\intermediate\release - windows\x86_64\imgui.tlog\cl.12360.write.1.tlog
e:\projects\ying-long-engine\imgui\intermediate\release - windows\x86_64\imgui.tlog\cl.command.1.tlog
e:\projects\ying-long-engine\imgui\intermediate\release - windows\x86_64\imgui.tlog\cl.items.tlog
e:\projects\ying-long-engine\imgui\intermediate\release - windows\x86_64\imgui.tlog\cl.read.1.tlog
e:\projects\ying-long-engine\imgui\intermediate\release - windows\x86_64\imgui.tlog\lib-link.write.1.tlog
e:\projects\ying-long-engine\imgui\intermediate\release - windows\x86_64\imgui.tlog\lib.command.1.tlog
e:\projects\ying-long-engine\imgui\intermediate\release - windows\x86_64\imgui.tlog\lib.read.1.tlog
